=== neyman v2: 90 jobs, 30 at a time, 40 cores ===
Thu Aug 27 10:53:46 AM CEST 2026
BeH2_start_b10000        L=20   | uni    6.674  naive     399.15  fixed    6.124  best    5.309  oracle    4.300
H4_start_b10000          L=132  | uni   25.765  naive     189.15  fixed   26.637  best   23.570  oracle   22.413
BeH2_mid_b100000         L=20   | uni    2.744  naive     503.46  fixed    1.965  best    1.799  oracle    1.962
BeH2_mid_b10000          L=20   | uni    8.291  naive    1293.43  fixed    7.554  best    6.559  oracle    5.914
H2O_mid_b1000000         L=62   | uni    9.154  naive       3.97  fixed    3.605  best    3.586  oracle    3.633
BeH2_start_b1000000      L=20   | uni    0.719  naive       0.49  fixed    0.489  best    0.447  oracle    0.449
BeH2_start_b100000       L=20   | uni    1.927  naive       3.38  fixed    1.674  best    1.560  oracle    1.430
H2O_start_b10000         L=62   | uni   21.515  naive     149.33  fixed   14.038  best   12.403  oracle   12.760
H2O_start_b1000000       L=62   | uni    1.957  naive       1.30  fixed    1.307  best    1.219  oracle    1.157
H2O_start_b100000        L=62   | uni    5.972  naive     306.63  fixed    4.030  best    3.850  oracle    3.726
NH3_start_b10000         L=132  | uni   24.102  naive     341.36  fixed   19.482  best   16.801  oracle   15.068
NH3_start_b100000        L=132  | uni    7.472  naive    1113.32  fixed    5.264  best    4.737  oracle    4.493
H4_start_b1000000        L=132  | uni    2.790  naive       2.24  fixed    2.070  best    2.236  oracle    2.322
NH3_start_b1000000       L=132  | uni    2.291  naive       1.67  fixed    1.491  best    1.537  oracle    1.500
H4_start_b100000         L=132  | uni    8.533  naive     332.83  fixed    7.235  best    6.659  oracle    6.935
BeH2_mid_b1000000        L=20   | uni    0.905  naive       0.74  fixed    0.709  best    0.645  oracle    0.605
H2O_converged_b1000000   L=62   | uni    0.869  naive    1864.78  fixed    0.670  best    0.612  oracle    0.532
H2O_converged_b100000    L=62   | uni    2.590  naive    1864.92  fixed    2.558  best    2.626  oracle    1.850
H2O_converged_b10000     L=62   | uni    8.860  naive    1864.89  fixed   11.977  best   10.075  oracle    5.765
H2O_mid_b10000           L=62   | uni   93.881  naive     874.38  fixed   39.718  best   37.899  oracle   31.586
H2O_mid_b100000          L=62   | uni   29.639  naive      11.32  fixed   11.505  best   10.860  oracle   12.263
H4_mid_b10000            L=132  | uni   71.133  naive     543.06  fixed   45.572  best   42.810  oracle   40.798
H4_mid_b100000           L=132  | uni   24.724  naive      14.03  fixed   15.196  best   13.847  oracle   12.443
H4_mid_b1000000          L=132  | uni    7.771  naive       4.03  fixed    4.306  best    3.975  oracle    4.109
NH3_mid_b100000          L=132  | uni   21.196  naive    1143.90  fixed    9.099  best    8.683  oracle    8.541
NH3_mid_b1000000         L=132  | uni    5.686  naive       2.91  fixed    2.870  best    2.851  oracle    2.673
NH3_mid_b10000           L=132  | uni   56.884  naive     480.70  fixed   31.331  best   29.442  oracle   27.759
water_dimer_start_b100000 L=155  | uni    6.500  naive     889.88  fixed    3.629  best    3.655  oracle    3.374
water_dimer_start_b1000000 L=155  | uni    1.987  naive     126.25  fixed    1.055  best    0.998  oracle    0.952
water_dimer_mid_b10000   L=155  | uni  103.470  naive     263.53  fixed   35.857  best   33.679  oracle   29.323
LiH_start_b10000         L=155  | uni   43.301  naive    2535.10  fixed   17.840  best   21.728  oracle   13.149
LiH_start_b100000        L=155  | uni   12.558  naive    2266.26  fixed    4.219  best    4.058  oracle    4.298
LiH_start_b1000000       L=155  | uni    4.143  naive       1.33  fixed    1.353  best    1.272  oracle    1.358
water_dimer_start_b10000 L=155  | uni   20.069  naive     271.82  fixed   14.666  best   13.219  oracle    9.642
C4H4_start_b10000        L=185  | uni   17.580  naive     252.06  fixed   13.176  best   13.461  oracle   10.323
LiH_mid_b100000          L=155  | uni   14.266  naive    2790.32  fixed    6.869  best    6.630  oracle    6.326
LiH_mid_b10000           L=155  | uni   45.804  naive    2365.97  fixed   27.197  best   26.762  oracle   19.225
LiH_mid_b1000000         L=155  | uni    4.680  naive     411.17  fixed    2.034  best    1.907  oracle    1.967
water_dimer_mid_b100000  L=155  | uni   31.553  naive      10.85  fixed   10.563  best   10.145  oracle    9.522
water_dimer_mid_b1000000 L=155  | uni    9.490  naive       3.36  fixed    3.277  best    3.129  oracle    3.232
C4H4_start_b100000       L=185  | uni    5.526  naive     449.57  fixed    3.609  best    3.657  oracle    2.960
BeH2_converged_b10000    L=20   | uni    5.941  naive    1269.80  fixed    5.057  best    4.725  oracle    4.234
BeH2_converged_b1000000  L=20   | uni    0.592  naive       0.51  fixed    0.505  best    0.469  oracle    0.412
C4H4_mid_b10000          L=185  | uni   63.191  naive     662.83  fixed   27.275  best   26.194  oracle   24.323
C4H4_mid_b100000         L=185  | uni   19.102  naive     137.18  fixed    8.556  best    8.294  oracle    7.522
C4H4_start_b1000000      L=185  | uni    1.733  naive       1.09  fixed    1.013  best    0.977  oracle    0.967
C4H4_mid_b1000000        L=185  | uni    5.798  naive       2.75  fixed    2.374  best    2.300  oracle    2.231
N2_start_b100000         L=378  | uni   29.403  naive     544.56  fixed   26.212  best   23.285  oracle   20.480
N2_start_b10000          L=378  | uni   99.694  naive     987.38  fixed   94.160  best   80.950  oracle   70.491
BeH2_converged_b100000   L=20   | uni    2.061  naive    1392.27  fixed    1.621  best    1.482  oracle    1.313
benzene_start_b10000     L=914  | uni  111.634  naive    3079.62  fixed   90.071  best   73.155  oracle   74.548
N2_start_b1000000        L=378  | uni    9.016  naive     172.03  fixed    7.208  best    6.621  oracle    6.601
benzene_start_b1000000   L=914  | uni   10.552  naive    1157.28  fixed    7.239  best    8.091  oracle    7.296
benzene_start_b100000    L=914  | uni   32.490  naive    2219.24  fixed   26.361  best   26.855  oracle   21.138
N2_mid_b10000            L=378  | uni  252.010  naive    1408.60  fixed  152.188  best  147.563  oracle  140.916
N2_mid_b100000           L=378  | uni   76.842  naive      45.95  fixed   45.643  best   43.983  oracle   45.073
N2_mid_b1000000          L=378  | uni   25.777  naive      14.22  fixed   15.430  best   16.905  oracle   12.956
benzene_mid_b10000       L=914  | uni  349.740  naive     180.01  fixed  149.604  best  141.179  oracle  132.807
benzene_mid_b100000      L=914  | uni   91.369  naive     175.83  fixed   42.021  best   40.173  oracle   42.013
H6_start_b10000          L=919  | uni  135.818  naive    3086.53  fixed  130.630  best  107.920  oracle  110.997
H6_start_b100000         L=919  | uni   43.156  naive    2937.91  fixed   38.640  best   38.614  oracle   32.514
H6_start_b1000000        L=919  | uni   11.749  naive     719.74  fixed   11.655  best   12.311  oracle   10.820
H6_mid_b10000            L=919  | uni  309.523  naive     246.16  fixed  183.160  best  170.734  oracle  156.803
benzene_mid_b1000000     L=914  | uni   32.863  naive      14.42  fixed   13.849  best   14.335  oracle   12.521
H6_mid_b100000           L=919  | uni   88.576  naive     142.14  fixed   59.052  best   57.599  oracle   53.602
H6_mid_b1000000          L=919  | uni   29.561  naive      17.38  fixed   17.863  best   16.474  oracle   16.577
H4_converged_b100000     L=132  | uni    7.938  naive    1313.63  fixed    6.989  best    6.457  oracle    6.547
H4_converged_b1000000    L=132  | uni    2.337  naive     464.96  fixed    2.232  best    2.249  oracle    1.996
water_dimer_converged_b1000000 L=155  | uni    1.152  naive    1522.91  fixed    0.681  best    0.619  oracle    0.600
NH3_converged_b10000     L=132  | uni   16.023  naive    1464.59  fixed   17.243  best   14.771  oracle    9.488
NH3_converged_b100000    L=132  | uni    4.975  naive    1465.33  fixed    3.792  best    3.486  oracle    2.997
H4_converged_b10000      L=132  | uni   23.637  naive    1280.51  fixed   24.210  best   20.905  oracle   20.017
LiH_converged_b10000     L=155  | uni   10.062  naive    3214.17  fixed   15.802  best   12.136  oracle   50.486
water_dimer_converged_b10000 L=155  | uni   10.953  naive    1523.04  fixed   13.302  best   11.184  oracle  135.162
water_dimer_converged_b100000 L=155  | uni    3.739  naive    1523.13  fixed    2.970  best    3.103  oracle    1.848
NH3_converged_b1000000   L=132  | uni    1.668  naive     917.68  fixed    1.121  best    1.058  oracle    0.955
C4H4_converged_b1000000  L=185  | uni    1.020  naive     878.19  fixed    0.547  best    0.520  oracle    0.469
LiH_converged_b100000    L=155  | uni    3.018  naive    3214.24  fixed    3.127  best    2.803  oracle    1.511
LiH_converged_b1000000   L=155  | uni    1.016  naive    3214.22  fixed    0.709  best    0.637  oracle    0.508
C4H4_converged_b10000    L=185  | uni    9.869  naive    1045.69  fixed   11.692  best   10.142  oracle    5.366
C4H4_converged_b100000   L=185  | uni    2.988  naive    1046.20  fixed    2.753  best    2.610  oracle    3.105
N2_converged_b100000     L=378  | uni   31.115  naive    3189.37  fixed   25.059  best   22.422  oracle   20.668
N2_converged_b10000      L=378  | uni   96.892  naive    3128.53  fixed   94.011  best   83.726  oracle  644.242
N2_converged_b1000000    L=378  | uni   10.249  naive    3022.33  fixed    6.598  best    6.165  oracle    7.033
benzene_converged_b1000000 L=914  | uni   13.901  naive    1160.42  fixed    8.152  best    7.559  oracle    7.793
benzene_converged_b100000 L=914  | uni   42.195  naive    1736.79  fixed   31.659  best   28.388  oracle   23.727
H6_converged_b10000      L=919  | uni  151.414  naive    1756.90  fixed  128.656  best  104.485  oracle  134.066
benzene_converged_b10000 L=914  | uni  131.989  naive    1786.66  fixed  102.260  best   81.702  oracle   77.764
H6_converged_b100000     L=919  | uni   51.207  naive    1283.12  fixed   40.644  best   36.722  oracle   38.142
H6_converged_b1000000    L=919  | uni   16.329  naive     140.37  fixed   11.999  best   11.141  oracle   11.373
=== done ===
Thu Aug 27 10:56:54 AM CEST 2026
results: 90 files
