=== neyman v2: 90 jobs, 30 at a time, 40 cores ===
Thu Aug 27 10:49:38 AM CEST 2026
BeH2_start_b10000        L=20   | uni    6.674  naive     399.15  retain    4.832  pooled    4.476  oracle    4.300
BeH2_start_b1000000      L=20   | uni    0.719  naive       0.49  retain    0.488  pooled    0.458  oracle    0.449
BeH2_start_b100000       L=20   | uni    1.927  naive       3.38  retain    1.866  pooled    2.168  oracle    1.430
H2O_mid_b1000000         L=62   | uni    9.154  naive       3.97  retain    3.974  pooled    3.918  oracle    3.633
H2O_mid_b10000           L=62   | uni   93.881  naive     874.38  retain   60.374  pooled   55.031  oracle   31.586
H4_start_b10000          L=132  | uni   25.765  naive     189.15  retain   16.793  pooled   15.399  oracle   22.413
H2O_start_b10000         L=62   | uni   21.515  naive     149.33  retain    7.556  pooled    7.099  oracle   12.760
H2O_start_b100000        L=62   | uni    5.972  naive     306.63  retain    4.052  pooled    3.301  oracle    3.726
H2O_start_b1000000       L=62   | uni    1.957  naive       1.30  retain    1.302  pooled    1.214  oracle    1.157
H2O_converged_b10000     L=62   | uni    8.860  naive    1864.89  retain    5.164  pooled    4.871  oracle    5.765
NH3_start_b100000        L=132  | uni    7.472  naive    1113.32  retain   14.155  pooled   14.156  oracle    4.493
H4_start_b1000000        L=132  | uni    2.790  naive       2.24  retain    2.244  pooled    2.187  oracle    2.322
H4_start_b100000         L=132  | uni    8.533  naive     332.83  retain    8.116  pooled    7.270  oracle    6.935
NH3_start_b10000         L=132  | uni   24.102  naive     341.36  retain    8.781  pooled    8.708  oracle   15.068
NH3_start_b1000000       L=132  | uni    2.291  naive       1.67  retain    1.666  pooled    1.674  oracle    1.500
BeH2_mid_b100000         L=20   | uni    2.744  naive     503.46  retain    2.901  pooled    3.050  oracle    1.962
BeH2_mid_b10000          L=20   | uni    8.291  naive    1293.43  retain   12.364  pooled   11.843  oracle    5.914
BeH2_mid_b1000000        L=20   | uni    0.905  naive       0.74  retain    0.735  pooled    0.673  oracle    0.605
H2O_converged_b1000000   L=62   | uni    0.869  naive    1864.78  retain    0.552  pooled    0.555  oracle    0.532
H2O_converged_b100000    L=62   | uni    2.590  naive    1864.92  retain    1.709  pooled    1.711  oracle    1.850
H2O_mid_b100000          L=62   | uni   29.639  naive      11.32  retain   11.322  pooled   10.579  oracle   12.263
H4_mid_b100000           L=132  | uni   24.724  naive      14.03  retain   14.026  pooled   12.846  oracle   12.443
H4_mid_b10000            L=132  | uni   71.133  naive     543.06  retain   43.896  pooled   40.019  oracle   40.798
H4_mid_b1000000          L=132  | uni    7.771  naive       4.03  retain    4.033  pooled    3.761  oracle    4.109
NH3_mid_b100000          L=132  | uni   21.196  naive    1143.90  retain   26.533  pooled   27.918  oracle    8.541
NH3_mid_b10000           L=132  | uni   56.884  naive     480.70  retain   62.135  pooled   66.109  oracle   27.759
NH3_mid_b1000000         L=132  | uni    5.686  naive       2.91  retain    2.905  pooled    2.758  oracle    2.673
water_dimer_start_b100000 L=155  | uni    6.500  naive     889.88  retain   10.879  pooled    9.827  oracle    3.374
water_dimer_mid_b100000  L=155  | uni   31.553  naive      10.85  retain   10.849  pooled   10.261  oracle    9.522
LiH_mid_b10000           L=155  | uni   45.804  naive    2365.97  retain  148.658  pooled  149.242  oracle   19.225
water_dimer_mid_b1000000 L=155  | uni    9.490  naive       3.36  retain    3.361  pooled    3.246  oracle    3.232
LiH_start_b1000000       L=155  | uni    4.143  naive       1.33  retain    1.328  pooled    1.260  oracle    1.358
LiH_start_b10000         L=155  | uni   43.301  naive    2535.10  retain   26.549  pooled   28.989  oracle   13.149
LiH_start_b100000        L=155  | uni   12.558  naive    2266.26  retain   14.170  pooled   13.582  oracle    4.298
LiH_mid_b100000          L=155  | uni   14.266  naive    2790.32  retain    7.623  pooled    7.253  oracle    6.326
water_dimer_start_b10000 L=155  | uni   20.069  naive     271.82  retain   12.208  pooled   12.321  oracle    9.642
water_dimer_start_b1000000 L=155  | uni    1.987  naive     126.25  retain    1.429  pooled    1.359  oracle    0.952
LiH_mid_b1000000         L=155  | uni    4.680  naive     411.17  retain    2.277  pooled    2.242  oracle    1.967
water_dimer_mid_b10000   L=155  | uni  103.470  naive     263.53  retain   62.319  pooled   60.313  oracle   29.323
C4H4_start_b1000000      L=185  | uni    1.733  naive       1.09  retain    1.089  pooled    1.068  oracle    0.967
C4H4_start_b10000        L=185  | uni   17.580  naive     252.06  retain    4.924  pooled    5.459  oracle   10.323
C4H4_mid_b10000          L=185  | uni   63.191  naive     662.83  retain   81.778  pooled   79.294  oracle   24.323
BeH2_converged_b10000    L=20   | uni    5.941  naive    1269.80  retain    3.294  pooled    3.481  oracle    4.234
C4H4_start_b100000       L=185  | uni    5.526  naive     449.57  retain    5.307  pooled    6.024  oracle    2.960
C4H4_mid_b100000         L=185  | uni   19.102  naive     137.18  retain    8.237  pooled    7.782  oracle    7.522
C4H4_mid_b1000000        L=185  | uni    5.798  naive       2.75  retain    2.750  pooled    2.652  oracle    2.231
N2_start_b100000         L=378  | uni   29.403  naive     544.56  retain   17.184  pooled   15.163  oracle   20.480
BeH2_converged_b100000   L=20   | uni    2.061  naive    1392.27  retain    3.541  pooled    3.370  oracle    1.313
N2_start_b1000000        L=378  | uni    9.016  naive     172.03  retain    7.894  pooled    6.809  oracle    6.601
N2_start_b10000          L=378  | uni   99.694  naive     987.38  retain  243.368  pooled  243.442  oracle   70.491
BeH2_converged_b1000000  L=20   | uni    0.592  naive       0.51  retain    0.511  pooled    0.475  oracle    0.412
N2_mid_b10000            L=378  | uni  252.010  naive    1408.60  retain 1732.894  pooled 1730.882  oracle  140.916
N2_mid_b100000           L=378  | uni   76.842  naive      45.95  retain   45.948  pooled   44.002  oracle   45.073
N2_mid_b1000000          L=378  | uni   25.777  naive      14.22  retain   14.219  pooled   16.018  oracle   12.956
benzene_start_b10000     L=914  | uni  111.634  naive    3079.62  retain  154.233  pooled  153.562  oracle   74.548
benzene_start_b100000    L=914  | uni   32.490  naive    2219.24  retain   62.852  pooled   52.687  oracle   21.138
benzene_start_b1000000   L=914  | uni   10.552  naive    1157.28  retain   29.352  pooled   32.292  oracle    7.296
benzene_mid_b10000       L=914  | uni  349.740  naive     180.01  retain  349.185  pooled  349.407  oracle  132.807
benzene_mid_b100000      L=914  | uni   91.369  naive     175.83  retain   67.077  pooled   56.945  oracle   42.013
H6_start_b10000          L=919  | uni  135.818  naive    3086.53  retain  289.496  pooled  289.028  oracle  110.997
H6_start_b100000         L=919  | uni   43.156  naive    2937.91  retain   81.302  pooled   89.832  oracle   32.514
H6_start_b1000000        L=919  | uni   11.749  naive     719.74  retain   25.875  pooled   29.545  oracle   10.820
benzene_mid_b1000000     L=914  | uni   32.863  naive      14.42  retain   14.421  pooled   14.822  oracle   12.521
H6_mid_b1000000          L=919  | uni   29.561  naive      17.38  retain   17.383  pooled   15.930  oracle   16.577
H6_mid_b100000           L=919  | uni   88.576  naive     142.14  retain  157.485  pooled  171.404  oracle   53.602
H6_mid_b10000            L=919  | uni  309.523  naive     246.16  retain   87.171  pooled   82.373  oracle  156.803
H4_converged_b10000      L=132  | uni   23.637  naive    1280.51  retain   29.568  pooled   27.740  oracle   20.017
NH3_converged_b1000000   L=132  | uni    1.668  naive     917.68  retain    0.965  pooled    0.904  oracle    0.955
H4_converged_b100000     L=132  | uni    7.938  naive    1313.63  retain    9.997  pooled    8.821  oracle    6.547
water_dimer_converged_b10000 L=155  | uni   10.953  naive    1523.04  retain    9.687  pooled    9.277  oracle  135.162
H4_converged_b1000000    L=132  | uni    2.337  naive     464.96  retain    2.491  pooled    1.833  oracle    1.996
NH3_converged_b10000     L=132  | uni   16.023  naive    1464.59  retain    8.414  pooled    8.257  oracle    9.488
NH3_converged_b100000    L=132  | uni    4.975  naive    1465.33  retain    2.681  pooled    2.493  oracle    2.997
LiH_converged_b1000000   L=155  | uni    1.016  naive    3214.22  retain    0.573  pooled    0.543  oracle    0.508
LiH_converged_b100000    L=155  | uni    3.018  naive    3214.24  retain    1.754  pooled    1.683  oracle    1.511
water_dimer_converged_b100000 L=155  | uni    3.739  naive    1523.13  retain    1.776  pooled    1.768  oracle    1.848
water_dimer_converged_b1000000 L=155  | uni    1.152  naive    1522.91  retain    0.616  pooled    0.602  oracle    0.600
C4H4_converged_b1000000  L=185  | uni    1.020  naive     878.19  retain    0.555  pooled    0.536  oracle    0.469
LiH_converged_b10000     L=155  | uni   10.062  naive    3214.17  retain    7.164  pooled    6.828  oracle   50.486
C4H4_converged_b100000   L=185  | uni    2.988  naive    1046.20  retain    1.468  pooled    1.515  oracle    3.105
C4H4_converged_b10000    L=185  | uni    9.869  naive    1045.69  retain    4.391  pooled    4.376  oracle    5.366
N2_converged_b100000     L=378  | uni   31.115  naive    3189.37  retain   40.768  pooled   40.993  oracle   20.668
N2_converged_b1000000    L=378  | uni   10.249  naive    3022.33  retain   11.097  pooled   11.042  oracle    7.033
N2_converged_b10000      L=378  | uni   96.892  naive    3128.53  retain  213.829  pooled  214.468  oracle  644.242
benzene_converged_b1000000 L=914  | uni   13.901  naive    1160.42  retain    7.794  pooled    7.213  oracle    7.793
benzene_converged_b10000 L=914  | uni  131.989  naive    1786.66  retain   88.871  pooled   89.935  oracle   77.764
benzene_converged_b100000 L=914  | uni   42.195  naive    1736.79  retain   19.777  pooled   18.240  oracle   23.727
H6_converged_b100000     L=919  | uni   51.207  naive    1283.12  retain   60.720  pooled   60.664  oracle   38.142
H6_converged_b10000      L=919  | uni  151.414  naive    1756.90  retain   84.607  pooled   78.702  oracle  134.066
H6_converged_b1000000    L=919  | uni   16.329  naive     140.37  retain   11.549  pooled   10.592  oracle   11.373
=== done ===
Thu Aug 27 10:52:53 AM CEST 2026
results: 90 files
