=== full verifier sweep ===
Thu Aug 27 08:14:23 PM CEST 2026
commit:  d904792
dirty:   0 tracked files modified (0 expected)
entries: 54
parallel: 26   timeout per entry: 21600s

  PASS     H2_ccpvdz_JW_UCCSD_v4_tapered__sha256_93a0f8a8604d9a      3s 
  PASS     H2_ccpvdz_BK_UCCSD_v4_tapered__sha256_d3f280f5c8f32c      4s 
  PASS     H2_ccpvdz_BK_HEA_v4_tapered__sha256_6e206ec6f1f02ea4      4s 
  PASS     H2_ccpvdz_JW_HEA_v4_tapered__sha256_67c3022f966367ed      5s 
  PASS     H2_ccpvdz_PAR_UCCSD_v4_tapered__sha256_b321a0331d6d1      5s 
  PASS     H4_ccpvdz_JW_ADAPT_v4_tapered__sha256_39f9134a722ad6      5s 
  PASS     H2_ccpvdz_PAR_HEA_v4_tapered__sha256_47f0004357aedda      5s 
  PASS     H2CO_ccpvdz_JW_ADAPT_v4_tapered__sha256_09d774c657fc      6s 
  PASS     BeH2_ccpvdz_JW_HEA_v4_tapered__sha256_3a0217702318b7      6s 
  PASS     H2O_ccpvdz_JW_HEA_v4_tapered__sha256_6d66b3fceee03e1      7s 
  PASS     H2O_ccpvdz_PAR_HEA_v4_tapered__sha256_442576f5b48d43      8s 
  PASS     HF_ccpvdz_JW_HEA_v4_tapered__sha256_94244108ad3c4f44      3s 
  PASS     HF_ccpvdz_JW_UCCSD_v4_tapered__sha256_65500d662073f9      3s 
  PASS     HF_ccpvdz_BK_UCCSD_v4_tapered__sha256_42ad3163dd5bcf      5s 
  PASS     BeH2_ccpvdz_JW_UCCSD_v4_tapered__sha256_31f7be8f2f7d     10s 
  PASS     HF_ccpvdz_BK_HEA_v4_tapered__sha256_0d0d66a5769d58ec      5s 
  PASS     HF_ccpvdz_PAR_HEA_v4_tapered__sha256_007a1905c579328      4s 
  PASS     HF_ccpvdz_PAR_UCCSD_v4_tapered__sha256_17bfa6743a814      3s 
  PASS     H2O_ccpvdz_JW_UCCSD_v4_tapered__sha256_1a15dd08a7564     12s 
  PASS     H4_ccpvdz_PAR_HEA_v4_tapered__sha256_22ff67c44e24859     12s 
  PASS     H4_ccpvdz_JW_HEA_v4_tapered__sha256_2cb5ee33e450acbd     15s 
  PASS     LiH_ccpvdz_JW_HEA_v4_tapered__sha256_f044f66bd4bc837     10s 
  PASS     BeH2_ccpvdz_PAR_HEA_v4_tapered__sha256_f1deabb249cd7     24s 
  PASS     LiH_ccpvdz_PAR_HEA_v4_tapered__sha256_e94da71e7eb3b9     18s 
  PASS     NH3_ccpvdz_JW_HEA_v4_tapered__sha256_07291783190d6a4     10s 
  PASS     water_dimer_ccpvdz_JW_ADAPT_v4_tapered__sha256_3e0a9     11s 
  FAIL_ENERGY H4_ccpvdz_JW_UCCSD_v4_tapered__sha256_7606caf47ff39f     47s Δ=8.975e-04
  PASS     LiH_ccpvdz_JW_UCCSD_v4_tapered__sha256_21e143f12ed3a     40s 
  PASS     BeH2_ccpvdz_PAR_UCCSD_v4_tapered__sha256_f71541a4f8d     55s 
  PASS     water_dimer_ccpvdz_JW_HEA_v4_tapered__sha256_bfa557a     21s 
  PASS     C4H4_ccpvdz_JW_ADAPT_v4_casscf_tapered__sha256_c9726     70s 
  PASS     water_dimer_ccpvdz_PAR_HEA_v4_tapered__sha256_f4a388     22s 
  PASS     NH3_ccpvdz_JW_UCCSD_v4_tapered__sha256_bff85ae0c8311     50s 
  PASS     NH3_ccpvdz_PAR_HEA_v4_tapered__sha256_aa3769fb20846e     56s 
  PASS     C4H4_ccpvdz_PAR_HEA_v4_casscf_tapered__sha256_0de79d     87s 
  PASS     water_dimer_ccpvdz_JW_UCCSD_v4_tapered__sha256_6383f     44s 
  PASS     C4H6_ccpvdz_JW_ADAPT_v4_tapered__sha256_d70625e50afe     98s 
  PASS     C4H4_ccpvdz_JW_HEA_v4_casscf_tapered__sha256_5b0a919    116s 
  PASS     C4H4_ccpvdz_JW_UCCSD_v4_casscf_tapered__sha256_a26c0    150s 
  FAIL_ENERGY N2_ccpvdz_JW_UCCSD_v4_casscf_tapered__sha256_5912a44    287s Δ=1.275e-01
  PASS     N2_ccpvdz_JW_ADAPT_v4_casscf_tapered__sha256_850d9d2    335s 
  PASS     H6_ccpvdz_JW_HEA_v4_casscf_tapered__sha256_254551c7b    404s 
  PASS     N2_ccpvdz_JW_HEA_v4_casscf_tapered__sha256_ebcfc9fbd    492s 
  PASS     N2_ccpvdz_PAR_HEA_v4_casscf_tapered__sha256_9eb43e15    495s 
  PASS     benzene_ccpvdz_JW_ADAPT_v4_casscf_tapered__sha256_6a    616s 
  PASS     H6_ccpvdz_JW_ADAPT_v4_casscf_tapered__sha256_def5987    727s 
  PASS     N2_ccpvdz_JW_HEA_v4_casscf_tapered__sha256_17841edec    754s 
  PASS     H8_ccpvdz_JW_ADAPT_v4_casscf_tapered__sha256_b2328ca    876s 
  FAIL_ENERGY benzene_ccpvdz_JW_HEA_v4_casscf_tapered__sha256_3d3d   1386s Δ=2.211e-01
  PASS     N2_ccpvdz_JW_HEA_v4_casscf_tapered__sha256_c238605f7   1909s 
  PASS     benzene_ccpvdz_JW_HEA_v4_casscf_tapered__sha256_6c49   1968s 
  PASS     N2_ccpvdz_PAR_HEA_v4_casscf_tapered__sha256_1a06482c   2822s 
